### Step 2A
/c/Users/Yulia

### Step 2B
$ cd Desktop/

### Step 2C
$ cd unit1-git-practice/

### Step 2D
$ pwd
/c/Users/Yulia/Desktop/unit1-git-practice

### Step 2E
$ ls
my-steps.txt

### Step 2F
my-steps.txt

### Step 2G
$ cd c:

### Step 2H
/c

### Step 2I
$ ls
'$AV_ASW'/                  NvContainerRecoveryNVDisplay.ContainerLocalSystem.reg
'$Recycle.Bin'/             OneDriveTemp/
'$SysReset'/                pagefile.sys
'$WinREAgent'/              PerfLogs/
 adobeTemp/                'Program Files'/
 AdwCleaner/               'Program Files (x86)'/
 Config.Msi/                ProgramData/
'Documents and Settings'@   Recovery/
 DumpStack.log.tmp          swapfile.sys
 hiberfil.sys              'System Volume Information'/
 Intel/                     UserGuidePDF/
 Krasnoperova_mysites/      Users/
 MSOCache/                  Windows/

### Step 2J
$ cd ~

### Step 2K
$ cd Desktop/unit1-git-practice/


### Step 3A
$ mkdir veggies meats desserts

### Step 3B
$ mv desserts sweets

### Step 3C
$ mkdir proteins

### Step 3D
$ mv meats proteins

### Step 3E
$ cd veggies/
$ touch carrot.txt pea.txt

### Step 3F
$ cd ..
$ cd sweets/
$ touch coockie.txt

### Step 3G
$ mv coockie.txt donut.txt

### Step 3H
$ cd ..
$ touch thing.txt

### Step 3I
$ cp thing.txt tofu.txt

### Step 3J
$ mv tofu.txt proteins

### Step 3K
$ cp thing.txt crab.txt
$ mv crab.txt proteins/meats/

### Step 3L
$ rm thing.txt

### Step 3M
$ cp -r veggies plants

### Step 3N
$ mkdir drinks
$ rm -r drinks


### Step 4
$ git init
Initialized empty Git repository in C:/Users/Yulia/Desktop/unit1-git-practice/.git/

Yulia@LAPTOP-VHFIGMCN MINGW64 ~/Desktop/unit1-git-practice (master)
$ git add .
warning: in the working copy of 'my-steps.txt', LF will be replaced by CRLF the next time Git touches it

Yulia@LAPTOP-VHFIGMCN MINGW64 ~/Desktop/unit1-git-practice (master)
$ git commit -m 'first commit'
[master (root-commit) a418e66] first commit
 8 files changed, 109 insertions(+)
 create mode 100644 my-steps.txt
 create mode 100644 plants/carrot.txt
 create mode 100644 plants/pea.txt
 create mode 100644 proteins/meats/crab.txt
 create mode 100644 proteins/tofu.txt
 create mode 100644 sweets/donut.txt
 create mode 100644 veggies/carrot.txt
 create mode 100644 veggies/pea.txt

### Step 5
$ git remote add origin git@github.com:Yulia182/unit1-git-practice.git

Yulia@LAPTOP-VHFIGMCN MINGW64 ~/Desktop/unit1-git-practice (master)
$ git branch -M main

Yulia@LAPTOP-VHFIGMCN MINGW64 ~/Desktop/unit1-git-practice (main)
$ git push -u origin maingit remote add origin git@github.com:Yulia182/unit1-git-practice.git
error: src refspec maingit does not match any
error: src refspec remote does not match any
error: src refspec add does not match any
error: src refspec origin does not match any
error: src refspec git@github.com does not match any
error: failed to push some refs to 'github.com:Yulia182/unit1-git-practice.git'

Yulia@LAPTOP-VHFIGMCN MINGW64 ~/Desktop/unit1-git-practice (main)
$ git branch -M main

Yulia@LAPTOP-VHFIGMCN MINGW64 ~/Desktop/unit1-git-practice (main)
$ git push -u origin main
Enumerating objects: 8, done.
Counting objects: 100% (8/8), done.
Delta compression using up to 4 threads
Compressing objects: 100% (5/5), done.
Writing objects: 100% (8/8), 1.17 KiB | 240.00 KiB/s, done.
Total 8 (delta 0), reused 0 (delta 0), pack-reused 0
To github.com:Yulia182/unit1-git-practice.git
 * [new branch]      main -> main
branch 'main' set up to track 'origin/main'.

Yulia@LAPTOP-VHFIGMCN MINGW64 ~/Desktop/unit1-git-practice (main)
$ touch menu.txt

Yulia@LAPTOP-VHFIGMCN MINGW64 ~/Desktop/unit1-git-practice (main)
$ ls
menu.txt  my-steps.txt  plants/  proteins/  sweets/  veggies/

Yulia@LAPTOP-VHFIGMCN MINGW64 ~/Desktop/unit1-git-practice (main)
$ git status
On branch main
Your branch is up to date with 'origin/main'.

Changes not staged for commit:
  (use "git add <file>..." to update what will be committed)
  (use "git restore <file>..." to discard changes in working directory)
        modified:   my-steps.txt

Untracked files:
  (use "git add <file>..." to include in what will be committed)
        menu.txt

no changes added to commit (use "git add" and/or "git commit -a")
### Step 6

$ git add .
warning: in the working copy of 'my-steps.txt', LF will be replaced by CRLF the next time Git touches it

Yulia@LAPTOP-VHFIGMCN MINGW64 ~/Desktop/unit1-git-practice (main)
$ git commit -m 'starting a menu'
[main 74742fa] starting a menu
 2 files changed, 68 insertions(+), 1 deletion(-)
 create mode 100644 menu.txt

Yulia@LAPTOP-VHFIGMCN MINGW64 ~/Desktop/unit1-git-practice (main)
$ git push
Enumerating objects: 6, done.
Counting objects: 100% (6/6), done.
Delta compression using up to 4 threads
Compressing objects: 100% (3/3), done.
Writing objects: 100% (4/4), 1.77 KiB | 604.00 KiB/s, done.
Total 4 (delta 0), reused 0 (delta 0), pack-reused 0
To github.com:Yulia182/unit1-git-practice.git
   a418e66..74742fa  main -> main


### Step 7
*** DO NOT RECORD STEP 7 ***